apples                              1.99
  1.99 * 1.000

Total:                              1.99
